// Jest Snapshot v1, https://goo.gl/fbAQLP

exports[`plugins/transformScssModules import visitor transforms import as expected 1`] = `
Object {
  "__digest": "042956",
  "__template": [Function],
  "root": "ods-d092b3",
}
`;

exports[`plugins/transformScssModules import visitor transforms import template as expected 1`] = `".ods-d092b3{background:#ebebed;border-end-end-radius:4px;border-end-start-radius:4px;border-start-end-radius:4px;border-start-start-radius:4px;color:#1d1d21;display:inline-block;-webkit-margin-after:.375rem;margin-block-end:.375rem;-webkit-margin-before:0;margin-block-start:0;-webkit-margin-end:.375rem;margin-inline-end:.375rem;-webkit-margin-start:0;margin-inline-start:0;padding-block:0;padding-inline:.375em}@supports not (border-end-end-radius:1px){.ods-d092b3,[dir=rtl] .ods-d092b3{border-bottom-left-radius:4px;border-bottom-right-radius:4px;border-top-left-radius:4px;border-top-right-radius:4px}}"`;

exports[`plugins/transformScssModules require visitor transforms require as expected 1`] = `
Object {
  "__digest": "042956",
  "__template": [Function],
  "root": "ods-d092b3",
}
`;

exports[`plugins/transformScssModules require visitor transforms require template as expected 1`] = `".ods-d092b3{background:#ebebed;border-end-end-radius:4px;border-end-start-radius:4px;border-start-end-radius:4px;border-start-start-radius:4px;color:#1d1d21;display:inline-block;-webkit-margin-after:.375rem;margin-block-end:.375rem;-webkit-margin-before:0;margin-block-start:0;-webkit-margin-end:.375rem;margin-inline-end:.375rem;-webkit-margin-start:0;margin-inline-start:0;padding-block:0;padding-inline:.375em}@supports not (border-end-end-radius:1px){.ods-d092b3,[dir=rtl] .ods-d092b3{border-bottom-left-radius:4px;border-bottom-right-radius:4px;border-top-left-radius:4px;border-top-right-radius:4px}}"`;
