// Jest Snapshot v1, https://goo.gl/fbAQLP

exports[`plugin should fully qualify the module exports specifiers 1`] = `
"export { level } from "./index.js";
export { levelIndex } from "./index.js";
export { oneBackLevel } from "../index.js";
export { oneBackLevelIndex } from "../index.js";
export { twoBackLevel } from "../../index.js";
export { twoBackLevelIndex } from "../../index.js";
export { somethingBack } from "../lib/something.js";
export { somethingBackTest } from "../lib/something.test.js";
export { something } from "./lib/something.js";
export { somethingTest } from "./lib/something.test.js";
export { something as another } from "./lib/something.js";
export { somethingTest as anotherTest } from "./lib/something.test.js";
export * as anotherModule from "./lib/something.js";
export * as anotherModuleTest from "./lib/something.test.js";
export * from "./lib/something.js";
export * from "./lib/something.test.js";"
`;

exports[`plugin should fully qualify the module imports specifiers 1`] = `
"import { level } from "./index.js";
import { levelIndex } from "./index.js";
import { oneBackLevel } from "../index.js";
import { oneBackLevelIndex } from "../index.js";
import { twoBackLevel } from "../../index.js";
import { twoBackLevelIndex } from "../../index.js";
import { somethingBack } from "../lib/something.js";
import { somethingBackTest } from "../lib/something.test.js";
import { export1, export2 as alias2 } from "./lib/something.js";
import { export1Test, export2 as alias2Test } from "./lib/something.test.js";
import { something } from "./lib/something.js";
import { somethingTest } from "./lib/something.test.js";
import { something as other } from "./lib/something.js";
import { something as otherTest } from "./lib/something.test.js";
import anotherImport from "./lib/something.js";
import anotherImportTest from "./lib/something.test.js";
import another, { otherImport } from "./lib/something.js";
import anotherTest, { otherImportTest } from "./lib/something.test.js";
import * as Something from "./lib/something.js";
import * as SomethingTest from "./lib/something.test.js";"
`;

exports[`plugin should skip bare module specifiers 1`] = `
"import babel from '@babel/core';
import { transform } from '@babel/core';
export * from '@babel/core';
export { transform } from '@babel/core';"
`;

exports[`plugin should skip style module imports 1`] = `
"import stylesWithMultipleExtensions from './styles.module.scss';
import styles from './styles.scss';"
`;

exports[`plugin should skip type-only exports 1`] = `
"export type { NamedType } from './lib/something';
export type { NamedTypeTest } from './lib/something.test';"
`;

exports[`plugin should skip type-only imports 1`] = `
"import type DefaultType from './lib/something';
import type DefaultTypeTest from './lib/something.test';
import type { NamedType } from './lib/something';
import type { NamedTypeTest } from './lib/something.test';
import type * as AllTypes from './lib/something';
import type * as AllTypesTest from './lib/something.test';"
`;
